// Jest Snapshot v1, https://goo.gl/fbAQLP

exports[`should not change output 1`] = `
Array [
  "
    INSERT INTO \\"TableName\\"(\\"something\\")
    VALUES ($1)
  ",
  Array [
    true,
  ],
]
`;
